2025-09-19T11:31:27.403Z hardhat:core:vars:varsManager Creating a new instance of VarsManager
2025-09-19T11:31:27.406Z hardhat:core:vars:varsManager Loading ENV variables if any
2025-09-19T11:31:27.684Z hardhat:core:config Loading Hardhat config from /mnt/d/Rede/Github/Axodus/Marketplace/Marketplace/contracts/hardhat.config.ts
[31mAn unexpected error occurred:[39m

Error: Cannot find module 'dotenv'
Require stack:
- /mnt/d/Rede/Github/Axodus/Marketplace/Marketplace/contracts/hardhat.config.ts
- /mnt/d/Rede/Github/Axodus/Marketplace/Marketplace/contracts/node_modules/.pnpm/hardhat@2.26.3_ts-node@10.9.2_@types+node@24.5.2_typescript@5.9.2__typescript@5.9.2/node_modules/hardhat/internal/core/config/config-loading.js
- /mnt/d/Rede/Github/Axodus/Marketplace/Marketplace/contracts/node_modules/.pnpm/hardhat@2.26.3_ts-node@10.9.2_@types+node@24.5.2_typescript@5.9.2__typescript@5.9.2/node_modules/hardhat/internal/cli/cli.js
- /mnt/d/Rede/Github/Axodus/Marketplace/Marketplace/contracts/node_modules/.pnpm/hardhat@2.26.3_ts-node@10.9.2_@types+node@24.5.2_typescript@5.9.2__typescript@5.9.2/node_modules/hardhat/internal/cli/bootstrap.js
    at Function.Module._resolveFilename (node:internal/modules/cjs/loader:1212:15)
    at Function.Module._resolveFilename.sharedData.moduleResolveFilenameHook.installedValue [as _resolveFilename] (/mnt/d/Rede/Github/Axodus/Marketplace/Marketplace/contracts/node_modules/.pnpm/@cspotcode+source-map-support@0.8.1/node_modules/@cspotcode/source-map-support/source-map-support.js:811:30)
    at Function.Module._load (node:internal/modules/cjs/loader:1043:27)
    at Module.require (node:internal/modules/cjs/loader:1298:19)
    at require (node:internal/modules/helpers:182:18)
    at Object.<anonymous> (/mnt/d/Rede/Github/Axodus/Marketplace/Marketplace/contracts/hardhat.config.ts:2:1)
    at Module._compile (node:internal/modules/cjs/loader:1529:14)
    at Module.m._compile (/mnt/d/Rede/Github/Axodus/Marketplace/Marketplace/contracts/node_modules/.pnpm/ts-node@10.9.2_@types+node@24.5.2_typescript@5.9.2/node_modules/ts-node/src/index.ts:1618:23)
    at Module._extensions..js (node:internal/modules/cjs/loader:1613:10)
    at Object.require.extensions.<computed> [as .ts] (/mnt/d/Rede/Github/Axodus/Marketplace/Marketplace/contracts/node_modules/.pnpm/ts-node@10.9.2_@types+node@24.5.2_typescript@5.9.2/node_modules/ts-node/src/index.ts:1621:12) {
  code: 'MODULE_NOT_FOUND',
  requireStack: [
    '/mnt/d/Rede/Github/Axodus/Marketplace/Marketplace/contracts/hardhat.config.ts',
    '/mnt/d/Rede/Github/Axodus/Marketplace/Marketplace/contracts/node_modules/.pnpm/hardhat@2.26.3_ts-node@10.9.2_@types+node@24.5.2_typescript@5.9.2__typescript@5.9.2/node_modules/hardhat/internal/core/config/config-loading.js',
    '/mnt/d/Rede/Github/Axodus/Marketplace/Marketplace/contracts/node_modules/.pnpm/hardhat@2.26.3_ts-node@10.9.2_@types+node@24.5.2_typescript@5.9.2__typescript@5.9.2/node_modules/hardhat/internal/cli/cli.js',
    '/mnt/d/Rede/Github/Axodus/Marketplace/Marketplace/contracts/node_modules/.pnpm/hardhat@2.26.3_ts-node@10.9.2_@types+node@24.5.2_typescript@5.9.2__typescript@5.9.2/node_modules/hardhat/internal/cli/bootstrap.js'
  ]
}
